// Jest Snapshot v1, https://goo.gl/fbAQLP

exports[`Renders correctly 1`] = `
Array [
  <aside
    className="nav-overlay d-none"
    id="navOverlay"
  >
    <span
      className="nav-close"
    >
      <svg
        fill="currentColor"
        height="1em"
        onClick={[Function]}
        viewBox="0 0 16 16"
        width="1em"
        xmlns="http://www.w3.org/2000/svg"
      >
        <path
          d="M8 15A7 7 0 1 1 8 1a7 7 0 0 1 0 14zm0 1A8 8 0 1 0 8 0a8 8 0 0 0 0 16z"
        />
        <path
          d="M4.646 4.646a.5.5 0 0 1 .708 0L8 7.293l2.646-2.647a.5.5 0 0 1 .708.708L8.707 8l2.647 2.646a.5.5 0 0 1-.708.708L8 8.707l-2.646 2.647a.5.5 0 0 1-.708-.708L7.293 8 4.646 5.354a.5.5 0 0 1 0-.708z"
        />
      </svg>
    </span>
    <div
      className="overlay-content"
    >
      <div
        onClick={[Function]}
      >
        Experience
      </div>
      <div
        onClick={[Function]}
      >
        Project
      </div>
      <div
        onClick={[Function]}
      >
        Skills
      </div>
      <div
        onClick={[Function]}
      >
        Contact
      </div>
    </div>
  </aside>,
  <header
    className="fixed-top navigation"
    id="navigation"
  >
    <nav
      className="navbar navbar-expand-lg primary-nav container"
    >
      <a
        aria-current="page"
        className="nav-item nav-link pl-0 me-4"
        href="/"
        onClick={[Function]}
        onMouseEnter={[Function]}
      >
         
      </a>
      <button
        aria-label="nav-mobile"
        className="navbar-toggler"
        onClick={[Function]}
        type="button"
      >
        <svg
          fill="white"
          height={24}
          viewBox="0 0 16 16"
          width={24}
          xmlns="http://www.w3.org/2000/svg"
        >
          <path
            d="M2.5 12a.5.5 0 0 1 .5-.5h10a.5.5 0 0 1 0 1H3a.5.5 0 0 1-.5-.5zm0-4a.5.5 0 0 1 .5-.5h10a.5.5 0 0 1 0 1H3a.5.5 0 0 1-.5-.5zm0-4a.5.5 0 0 1 .5-.5h10a.5.5 0 0 1 0 1H3a.5.5 0 0 1-.5-.5z"
            fillRule="evenodd"
          />
        </svg>
      </button>
      <div
        className="collapse navbar-collapse"
        id="navbar"
      >
        <div
          className="navbar-nav align-items-center ml-auto"
        >
          <div
            className="nav-item nav-link me-2"
          >
            Experience
          </div>
          <div
            className="nav-item nav-link me-2"
          >
            Project
          </div>
          <div
            className="nav-item nav-link me-2"
          >
            Skills
          </div>
          <div
            className="nav-item nav-link me-2"
          >
            Contact
          </div>
          <a
            aria-pressed="true"
            className="btn btn-layered offset"
            href="mailto:undefined"
            role="button"
          >
            hire me
          </a>
        </div>
      </div>
    </nav>
  </header>,
]
`;
